// Vitest Snapshot v1, https://vitest.dev/guide/snapshot.html

exports[`PasswordResetConfirm > matches snapshot 1`] = `
<div>
  <div
    class="fixed inset-0 w-full h-full bg-gradient-to-br from-slate-900 via-blue-900 to-indigo-900 flex items-center justify-center p-6"
  >
    <div
      class="w-full max-w-md"
    >
      <div
        class="text-center space-y-4 mb-8"
      >
        <div>
          <h1
            class="text-4xl font-bold text-white mb-2"
            style="font-family: system-ui, -apple-system, sans-serif; font-weight: 300; letter-spacing: -0.02em;"
          >
            MacroDash
          </h1>
          <p
            class="text-slate-400 text-lg"
          >
            Professional Financial Analytics
          </p>
        </div>
      </div>
      <div
        class="bg-slate-800/60 backdrop-blur-md rounded-xl border border-slate-600/30 shadow-2xl p-6"
      >
        <div
          class="space-y-4"
        >
          <div
            class="text-center space-y-1 mb-4"
          >
            <h2
              class="text-xl font-semibold text-white"
            >
              Set new password
            </h2>
            <p
              class="text-slate-400 text-sm"
            >
              Enter your new password below
            </p>
          </div>
          <form
            class="space-y-3"
          >
            <div
              class="space-y-1"
            >
              <label
                class="text-sm text-slate-300"
                for="new-password"
              >
                New Password
              </label>
              <div
                class="relative"
              >
                <svg
                  aria-hidden="true"
                  class="lucide lucide-lock absolute left-3 top-1/2 -translate-y-1/2 w-4 h-4 text-slate-500"
                  fill="none"
                  height="24"
                  stroke="currentColor"
                  stroke-linecap="round"
                  stroke-linejoin="round"
                  stroke-width="2"
                  viewBox="0 0 24 24"
                  width="24"
                  xmlns="http://www.w3.org/2000/svg"
                >
                  <rect
                    height="11"
                    rx="2"
                    ry="2"
                    width="18"
                    x="3"
                    y="11"
                  />
                  <path
                    d="M7 11V7a5 5 0 0 1 10 0v4"
                  />
                </svg>
                <input
                  class="w-full h-10 pl-10 pr-10 rounded-lg bg-slate-700/30 border border-slate-600/50 text-slate-200 placeholder-slate-500 focus:outline-none focus:ring-2 focus:ring-blue-500/50"
                  id="new-password"
                  placeholder="Enter new password"
                  required=""
                  type="password"
                  value=""
                />
                <button
                  class="absolute right-3 top-1/2 -translate-y-1/2 text-slate-500 hover:text-slate-300"
                  type="button"
                >
                  <svg
                    aria-hidden="true"
                    class="lucide lucide-eye w-4 h-4"
                    fill="none"
                    height="24"
                    stroke="currentColor"
                    stroke-linecap="round"
                    stroke-linejoin="round"
                    stroke-width="2"
                    viewBox="0 0 24 24"
                    width="24"
                    xmlns="http://www.w3.org/2000/svg"
                  >
                    <path
                      d="M2.062 12.348a1 1 0 0 1 0-.696 10.75 10.75 0 0 1 19.876 0 1 1 0 0 1 0 .696 10.75 10.75 0 0 1-19.876 0"
                    />
                    <circle
                      cx="12"
                      cy="12"
                      r="3"
                    />
                  </svg>
                </button>
              </div>
            </div>
            <div
              class="space-y-1"
            >
              <label
                class="text-sm text-slate-300"
                for="confirm-password"
              >
                Confirm New Password
              </label>
              <div
                class="relative"
              >
                <svg
                  aria-hidden="true"
                  class="lucide lucide-lock absolute left-3 top-1/2 -translate-y-1/2 w-4 h-4 text-slate-500"
                  fill="none"
                  height="24"
                  stroke="currentColor"
                  stroke-linecap="round"
                  stroke-linejoin="round"
                  stroke-width="2"
                  viewBox="0 0 24 24"
                  width="24"
                  xmlns="http://www.w3.org/2000/svg"
                >
                  <rect
                    height="11"
                    rx="2"
                    ry="2"
                    width="18"
                    x="3"
                    y="11"
                  />
                  <path
                    d="M7 11V7a5 5 0 0 1 10 0v4"
                  />
                </svg>
                <input
                  class="w-full h-10 pl-10 pr-10 rounded-lg bg-slate-700/30 border border-slate-600/50 text-slate-200 placeholder-slate-500 focus:outline-none focus:ring-2 focus:ring-blue-500/50"
                  id="confirm-password"
                  placeholder="Confirm new password"
                  required=""
                  type="password"
                  value=""
                />
              </div>
            </div>
            <div
              class="text-xs space-y-1 text-slate-400 bg-slate-800/40 p-3 rounded-lg border border-slate-700/50"
            >
              <p
                class="font-medium text-slate-300 mb-2"
              >
                Password requirements:
              </p>
              <div
                class="flex items-center gap-2"
              >
                <div
                  class="w-1.5 h-1.5 rounded-full bg-slate-600"
                />
                <span
                  class=""
                >
                  At least 8 characters
                </span>
              </div>
              <div
                class="flex items-center gap-2"
              >
                <div
                  class="w-1.5 h-1.5 rounded-full bg-slate-600"
                />
                <span
                  class=""
                >
                  Not entirely numeric
                </span>
              </div>
            </div>
            <button
              class="whitespace-nowrap text-sm disabled:pointer-events-none disabled:opacity-50 [&_svg]:pointer-events-none [&_svg:not([class*='size-'])]:size-4 shrink-0 [&_svg]:shrink-0 outline-none focus-visible:border-ring focus-visible:ring-ring/50 focus-visible:ring-[3px] aria-invalid:ring-destructive/20 dark:aria-invalid:ring-destructive/40 aria-invalid:border-destructive px-4 py-2 has-[>svg]:px-3 w-full h-10 bg-blue-600 hover:bg-blue-700 text-white rounded-lg font-medium transition-colors flex items-center justify-center gap-2"
              data-slot="button"
              type="submit"
            >
              Reset password
              <svg
                aria-hidden="true"
                class="lucide lucide-arrow-right w-4 h-4"
                fill="none"
                height="24"
                stroke="currentColor"
                stroke-linecap="round"
                stroke-linejoin="round"
                stroke-width="2"
                viewBox="0 0 24 24"
                width="24"
                xmlns="http://www.w3.org/2000/svg"
              >
                <path
                  d="M5 12h14"
                />
                <path
                  d="m12 5 7 7-7 7"
                />
              </svg>
            </button>
          </form>
        </div>
      </div>
      <div
        class="text-center mt-6 text-slate-500 text-sm"
      >
        <p>
          By continuing, you agree to our Terms of Service and Privacy Policy
        </p>
      </div>
    </div>
  </div>
</div>
`;
