// Vitest Snapshot v1, https://vitest.dev/guide/snapshot.html

exports[`BrowseStocks > matches snapshot 1`] = `
<div>
  <div
    class="space-y-6 p-6"
  >
    <div>
      <h1
        class="text-3xl font-bold"
      >
        Browse Stocks
      </h1>
      <p
        class="text-zinc-400 mt-2"
      >
        Explore stocks by market capitalization or sector
      </p>
    </div>
    <div
      class="flex gap-2 border-b border-zinc-800"
    >
      <button
        class="px-4 py-2 border-b-2 transition-colors border-blue-500 text-white"
      >
        Market Cap
      </button>
      <button
        class="px-4 py-2 border-b-2 transition-colors border-transparent text-zinc-400 hover:text-white"
      >
        Sector
      </button>
    </div>
    <div>
      <div
        class="grid grid-cols-2 md:grid-cols-4 gap-4"
      >
        <button
          class="p-4 rounded-lg border transition-all border-blue-500 bg-blue-500/10"
        >
          <div
            class="text-lg font-semibold"
          >
            Mega Cap
          </div>
          <div
            class="text-sm text-zinc-400 mt-1"
          >
            $200B+
          </div>
        </button>
        <button
          class="p-4 rounded-lg border transition-all border-zinc-800 bg-zinc-900/50 hover:border-zinc-700"
        >
          <div
            class="text-lg font-semibold"
          >
            Large Cap
          </div>
          <div
            class="text-sm text-zinc-400 mt-1"
          >
            $10B-$200B
          </div>
        </button>
        <button
          class="p-4 rounded-lg border transition-all border-zinc-800 bg-zinc-900/50 hover:border-zinc-700"
        >
          <div
            class="text-lg font-semibold"
          >
            Mid Cap
          </div>
          <div
            class="text-sm text-zinc-400 mt-1"
          >
            $2B-$10B
          </div>
        </button>
        <button
          class="p-4 rounded-lg border transition-all border-zinc-800 bg-zinc-900/50 hover:border-zinc-700"
        >
          <div
            class="text-lg font-semibold"
          >
            Small Cap
          </div>
          <div
            class="text-sm text-zinc-400 mt-1"
          >
            $300M-$2B
          </div>
        </button>
      </div>
    </div>
    <div
      class="relative"
    >
      <svg
        aria-hidden="true"
        class="lucide lucide-search absolute left-3 top-1/2 -translate-y-1/2 w-5 h-5 text-zinc-400"
        fill="none"
        height="24"
        stroke="currentColor"
        stroke-linecap="round"
        stroke-linejoin="round"
        stroke-width="2"
        viewBox="0 0 24 24"
        width="24"
        xmlns="http://www.w3.org/2000/svg"
      >
        <path
          d="m21 21-4.34-4.34"
        />
        <circle
          cx="11"
          cy="11"
          r="8"
        />
      </svg>
      <input
        class="file:text-foreground placeholder:text-muted-foreground selection:bg-primary selection:text-primary-foreground dark:bg-input/30 h-9 w-full min-w-0 rounded-md border px-3 py-1 text-base shadow-xs transition-[color,box-shadow] outline-none file:inline-flex file:h-7 file:border-0 file:bg-transparent file:text-sm file:font-medium disabled:pointer-events-none disabled:cursor-not-allowed disabled:opacity-50 md:text-sm focus-visible:border-ring focus-visible:ring-ring/50 focus-visible:ring-[3px] aria-invalid:ring-destructive/20 dark:aria-invalid:ring-destructive/40 aria-invalid:border-destructive pl-10 bg-zinc-900/50 border-zinc-800"
        data-slot="input"
        placeholder="Search stocks by symbol or name..."
        type="text"
        value=""
      />
    </div>
    <div
      class="grid grid-cols-1 md:grid-cols-2 lg:grid-cols-3 gap-4"
    >
      <div
        class="h-48 rounded-lg border border-zinc-800 bg-zinc-900/50 animate-pulse"
      />
      <div
        class="h-48 rounded-lg border border-zinc-800 bg-zinc-900/50 animate-pulse"
      />
      <div
        class="h-48 rounded-lg border border-zinc-800 bg-zinc-900/50 animate-pulse"
      />
      <div
        class="h-48 rounded-lg border border-zinc-800 bg-zinc-900/50 animate-pulse"
      />
      <div
        class="h-48 rounded-lg border border-zinc-800 bg-zinc-900/50 animate-pulse"
      />
      <div
        class="h-48 rounded-lg border border-zinc-800 bg-zinc-900/50 animate-pulse"
      />
    </div>
  </div>
</div>
`;
