// Vitest Snapshot v1, https://vitest.dev/guide/snapshot.html

exports[`DashboardHome > matches snapshot 1`] = `
<div>
  <div
    class="p-6 space-y-6"
  >
    <section>
      <div
        data-testid="market-overview"
      >
        Market Overview
      </div>
    </section>
    <section>
      <div
        data-testid="market-schedule"
      >
        Market Schedule
      </div>
    </section>
    <section>
      <div
        data-testid="market-sectors"
      >
        Market Sectors
      </div>
    </section>
    <section>
      <div
        data-testid="commodities-overview"
      >
        Commodities Overview
      </div>
    </section>
    <section>
      <div
        data-testid="economic-indicators"
      >
        Economic Indicators
      </div>
    </section>
    <section>
      <div
        data-testid="watchlist"
      >
        Watchlist
      </div>
    </section>
    <section>
      <div
        data-testid="saved-charts"
      >
        Saved Charts
      </div>
    </section>
    <section>
      <h2
        class="text-xl font-semibold mb-4"
      >
        Stock Market Movers
      </h2>
      <div
        class="grid grid-cols-1 lg:grid-cols-2 gap-6"
      >
        <div
          data-testid="top-gainers"
        >
          Top Gainers
        </div>
        <div
          data-testid="stock-top-losers"
        >
          Stock Top Losers
        </div>
      </div>
    </section>
    <section>
      <div
        data-testid="crypto-watchlist"
      >
        Crypto Watchlist
      </div>
    </section>
    <section>
      <h2
        class="text-xl font-semibold mb-4"
      >
        Cryptocurrency Movers
      </h2>
      <div
        class="grid grid-cols-1 lg:grid-cols-2 gap-6"
      >
        <div
          data-testid="crypto-top-gainers"
        >
          Crypto Top Gainers
        </div>
        <div
          data-testid="crypto-top-losers"
        >
          Crypto Top Losers
        </div>
      </div>
    </section>
    <section>
      <div
        data-testid="news-feed"
      >
        News Feed
      </div>
    </section>
  </div>
</div>
`;
