// Vitest Snapshot v1, https://vitest.dev/guide/snapshot.html

exports[`StockDetail > matches snapshot 1`] = `
<div>
  <div
    class="min-h-screen bg-zinc-950 text-white flex items-center justify-center"
  >
    <div
      class="text-center"
    >
      <h1
        class="text-2xl font-bold text-red-400"
      >
        No Stock Specified
      </h1>
      <p
        class="text-zinc-400 mt-2"
      >
        Please provide a stock symbol
      </p>
    </div>
  </div>
</div>
`;
